
> bodyui2@5.8.0 test
> jest src/__tests__/ColeccionFlotante.test.js

  console.error
    Error BodyStyle dice: M0903 Clase color de texto: 
     Las clases referentes a los colores del texto comienzan con el prefijo c-

    [0m [90m 29 |[39m         [90m// Solo mostrar errores que no sean esperados en tests[39m
     [90m 30 |[39m         [36mif[39m ([33m![39margs[[35m0[39m][33m?[39m[33m.[39mincludes([32m'(WAVES)'[39m)) {
    [31m[1m>[22m[39m[90m 31 |[39m             originalError([33m...[39margs)[33m;[39m
     [90m    |[39m             [31m[1m^[22m[39m
     [90m 32 |[39m         }
     [90m 33 |[39m     })[33m;[39m
     [90m 34 |[39m })[33m;[39m[0m

      at console.originalError (jest.setup.js:31:13)
      at ColeccionFlotante.error [as validarColeecion] (src/modulos/ColeccionFlotante.js:150:21)
      at ColeccionFlotante.validarColeecion [as iniciar] (src/modulos/ColeccionFlotante.js:171:19)
      at Object.iniciar (src/__tests__/ColeccionFlotante.test.js:38:19)

node.exe : FAIL src/__tests__/Cole
ccionFlotante.test.js
En línea: 1 Carácter: 1
+ & "C:\Program 
Files\nodejs/node.exe" 
"C:\Users\feder\AppData\Roaming\ 
...
+ ~~~~~~~~~~~~~~~~~~~~~~~~~~~~~~~~
~~~~~~~~~~~~~~~~~~~~~~~~~~~~~~~~~~
~~~
    + CategoryInfo          : Not 
   Specified: (FAIL src/__test..  
  .lotante.test.js:String) [],    
 RemoteException
    + FullyQualifiedErrorId : Nat 
   iveCommandError
 
  ColeccionFlotante
    ├ù deber├¡a inicializar 
correctamente con configuraci├│n 
v├ílida (147 ms)
    ÔêÜ deber├¡a manejar eventos 
de click para abrir y cerrar 
(derecha) (21 ms)
    ÔêÜ deber├¡a manejar eventos 
de click para abrir y cerrar 
(izquierda) (13 ms)
    ÔêÜ deber├¡a validar 
configuraci├│n incorrecta (6 ms)
    ÔêÜ destroy deber├¡a limpiar 
event listeners reemplazando los 
nodos (17 ms)

  ÔùÅ ColeccionFlotante ÔÇ║ 
deber├¡a inicializar 
correctamente con configuraci├│n 
v├ílida

    
expect(received).toBe(expected) 
// Object.is equality

    Expected: "150px"
    Received: ""

    [0m [90m 41 |[39m         
[36mconst[39m izq [33m=[39m do
cument[33m.[39mquerySelector([3
2m'#test-context 
.lista-float-izq'[39m)[33m;[39m
     [90m 42 |[39m
    [31m[1m>[22m[39m[90m 43 
|[39m         expect(der[33m.[3
9mstyle[33m.[39mtop)[33m.[39mt
oBe([32m'150px'[39m)[33m;[39m
     [90m    |[39m              
                 
[31m[1m^[22m[39m
     [90m 44 |[39m         expec
t(izq[33m.[39mstyle[33m.[39mto
p)[33m.[39mtoBe([32m'150px'[39
m)[33m;[39m
     [90m 45 |[39m
     [90m 46 |[39m         
[90m// Verificar visibilidad 
inicial (cerrar visible, abrir 
oculto)[39m[0m

      at Object.toBe (src/__tests_
_/ColeccionFlotante.test.js:43:31)

Test Suites: 1 failed, 1 total
Tests:       1 failed, 4 passed, 
5 total
Snapshots:   0 total
Time:        3.388 s
Ran all test suites matching src/_
_tests__/ColeccionFlotante.test.js
.
